exception in collect_data Message: 'chromedriver' executable needs to be in PATH. Please see https://sites.google.com/a/chromium.org/chromedriver/home
 20
exception in download_2 name 'return_states' is not defined 135
exception in download_2 name 'return_states' is not defined 135
exception in download_3 'row insert fail' 193
('2021-09-14 20:02:36.645568', 'DATA EXISTS', 'ANDAMAN NICOBAR ISLANDS')
('2021-09-14 20:02:36.669805', 'DATA EXISTS', 'ANDHRA PRADESH')
('2021-09-14 20:02:36.707018', 'DATA EXISTS', 'ANDAMAN NICOBAR ISLANDS')
('2021-09-14 20:02:36.728869', 'DATA EXISTS', 'ARUNACHAL PRADESH')
('2021-09-14 20:02:36.767610', 'DATA EXISTS', 'ASSAM')
('2021-09-14 20:02:36.785862', 'DATA EXISTS', 'ANDHRA PRADESH')
('2021-09-14 20:02:36.824425', 'DATA EXISTS', 'ARUNACHAL PRADESH')
('2021-09-14 20:02:36.840292', 'DATA EXISTS', 'BIHAR')
('2021-09-14 20:02:36.877345', 'DATA EXISTS', 'ASSAM')
('2021-09-14 20:02:36.894740', 'DATA EXISTS', 'CHANDIGARH')
('2021-09-14 20:02:36.948710', 'DATA EXISTS', 'CHHATTISGARH')
('2021-09-14 20:02:36.968892', 'DATA EXISTS', 'BIHAR')
('2021-09-14 20:02:37.025417', 'DATA EXISTS', 'CHANDIGARH')
('2021-09-14 20:02:37.045447', 'DATA EXISTS', 'DADRA NAGAR HAVELI')
('2021-09-14 20:02:37.101247', 'DATA EXISTS', 'CHHATTISGARH')
('2021-09-14 20:02:37.125588', 'DATA EXISTS', 'DAMAN DIU')
('2021-09-14 20:02:37.177471', 'DATA EXISTS', 'DELHI')
('2021-09-14 20:02:37.201338', 'DATA EXISTS', 'DADRA NAGAR HAVELI')
('2021-09-14 20:02:37.256647', 'DATA EXISTS', 'GOA')
('2021-09-14 20:02:37.276656', 'DATA EXISTS', 'DAMAN DIU')
('2021-09-14 20:02:37.338757', 'DATA EXISTS', 'GUJARAT')
('2021-09-14 20:02:37.351519', 'DATA EXISTS', 'DELHI')
('2021-09-14 20:02:37.418996', 'DATA EXISTS', 'GOA')
('2021-09-14 20:02:37.429435', 'DATA EXISTS', 'HARYANA')
('2021-09-14 20:02:37.498277', 'DATA EXISTS', 'HIMACHAL PRADESH')
('2021-09-14 20:02:37.546293', 'DATA EXISTS', 'JAMMU KASHMIR')
('2021-09-14 20:02:37.580695', 'DATA EXISTS', 'GUJARAT')
('2021-09-14 20:02:37.629287', 'DATA EXISTS', 'HARYANA')
('2021-09-14 20:02:37.664528', 'DATA EXISTS', 'JHARKHAND')
('2021-09-14 20:02:37.711141', 'DATA EXISTS', 'HIMACHAL PRADESH')
('2021-09-14 20:02:37.747437', 'DATA EXISTS', 'KARNATAKA')
('2021-09-14 20:02:37.794261', 'DATA EXISTS', 'JAMMU KASHMIR')
('2021-09-14 20:02:37.829375', 'DATA EXISTS', 'KERALA')
('2021-09-14 20:02:37.869727', 'DATA EXISTS', 'JHARKHAND')
('2021-09-14 20:02:37.916034', 'DATA EXISTS', 'LADAKH')
('2021-09-14 20:02:37.959062', 'DATA EXISTS', 'KARNATAKA')
('2021-09-14 20:02:38.000559', 'DATA EXISTS', 'LAKSHADWEEP')
('2021-09-14 20:02:38.044644', 'DATA EXISTS', 'KERALA')
('2021-09-14 20:02:38.081572', 'DATA EXISTS', 'MADHYA PRADESH')
('2021-09-14 20:02:38.124237', 'DATA EXISTS', 'LADAKH')
('2021-09-14 20:02:38.161071', 'DATA EXISTS', 'MAHARASHTRA')
('2021-09-14 20:02:38.199527', 'DATA EXISTS', 'LAKSHADWEEP')
('2021-09-14 20:02:38.236595', 'DATA EXISTS', 'MANIPUR')
('2021-09-14 20:02:38.275450', 'DATA EXISTS', 'MADHYA PRADESH')
('2021-09-14 20:02:38.315134', 'DATA EXISTS', 'MEGHALAYA')
('2021-09-14 20:02:38.351536', 'DATA EXISTS', 'MAHARASHTRA')
('2021-09-14 20:02:38.386043', 'DATA EXISTS', 'MIZORAM')
('2021-09-14 20:02:38.427145', 'DATA EXISTS', 'MANIPUR')
('2021-09-14 20:02:38.463482', 'DATA EXISTS', 'NAGALAND')
('2021-09-14 20:02:38.504114', 'DATA EXISTS', 'ORISSA')
('2021-09-14 20:02:38.537637', 'DATA EXISTS', 'MEGHALAYA')
('2021-09-14 20:02:38.580803', 'DATA EXISTS', 'MIZORAM')
('2021-09-14 20:02:38.613914', 'DATA EXISTS', 'PUDUCHERRY')
('2021-09-14 20:02:38.657452', 'DATA EXISTS', 'PUNJAB')
('2021-09-14 20:02:38.688421', 'DATA EXISTS', 'NAGALAND')
('2021-09-14 20:02:38.730273', 'DATA EXISTS', 'ORISSA')
('2021-09-14 20:02:38.763659', 'DATA EXISTS', 'RAJASTHAN')
('2021-09-14 20:02:38.807696', 'DATA EXISTS', 'PUDUCHERRY')
('2021-09-14 20:02:38.838017', 'DATA EXISTS', 'PUNJAB')
('2021-09-14 20:02:38.862740', 'DATA EXISTS', 'SIKKIM')
('2021-09-14 20:02:38.883750', 'DATA EXISTS', 'RAJASTHAN')
('2021-09-14 20:02:38.910117', 'DATA EXISTS', 'SIKKIM')
('2021-09-14 20:02:38.930149', 'DATA EXISTS', 'TAMIL NADU')
('2021-09-14 20:02:38.959832', 'DATA EXISTS', 'TAMIL NADU')
('2021-09-14 20:02:38.979240', 'DATA EXISTS', 'TELANGANA')
('2021-09-14 20:02:39.031183', 'DATA EXISTS', 'TELANGANA')
('2021-09-14 20:02:39.051078', 'DATA EXISTS', 'TRIPURA')
('2021-09-14 20:02:39.101682', 'DATA EXISTS', 'UTTAR PRADESH')
('2021-09-14 20:02:39.126273', 'DATA EXISTS', 'TRIPURA')
('2021-09-14 20:02:39.165059', 'DATA EXISTS', 'UTTARAKHAND')
('2021-09-14 20:02:39.189282', 'DATA EXISTS', 'UTTAR PRADESH')
('2021-09-14 20:02:39.226555', 'DATA EXISTS', 'WEST BENGAL')
('2021-09-14 20:02:39.255004', 'DATA EXISTS', 'UTTARAKHAND')
('2021-09-14 20:02:39.313546', 'DATA EXISTS', 'WEST BENGAL')
('2021-09-14 20:02:58.119396', 'ROW  EXISTS... State : ANDAMAN NICOBAR ISLANDS Page no: 1 Url: https://ngodarpan.gov.in/index.php/home/statewise_ngo/155/35/1?per_page=100 Row no: 1 Ngo name: A & N KAYAKING & CANEOING ASSOCIATION Ngo address: C/O STATE OLYMPIC ASSOCIATION\nNETAJI STADIUM\nPORT BLAIR Ngo Registration date: 26-12-2016 Ngo mobile no: 8900946370 Ngo email id: sasipoly744(at)gmail[dot]com')
('2021-09-14 20:02:58.123697', 'ROW  EXISTS... State : ANDAMAN NICOBAR ISLANDS Page no: 1 Url: https://ngodarpan.gov.in/index.php/home/statewise_ngo/155/35/1?per_page=100 Row no: 1 Ngo name: A & N KAYAKING & CANEOING ASSOCIATION Ngo address: C/O STATE OLYMPIC ASSOCIATION\nNETAJI STADIUM\nPORT BLAIR Ngo Registration date: 26-12-2016 Ngo mobile no: 8900946370 Ngo email id: sasipoly744(at)gmail[dot]com')
('2021-09-14 20:03:14.116897', 'ROW  EXISTS... State : ANDAMAN NICOBAR ISLANDS Page no: 1 Url: https://ngodarpan.gov.in/index.php/home/statewise_ngo/155/35/1?per_page=100 Row no: 2 Ngo name: A S MUSIC AND DANCE A CULTURAL ORGANIZATION Ngo address: AS Music And Dance A Cultural Organization,\n8,Air Lane Delanipur Port Blair,\nSouth Andaman.744102 Ngo Registration date: 25-05-2016 Ngo mobile no: 9933273585 Ngo email id: asmusicanddancepb(at)gmail[dot]com')
exception in query database df 'NoneType' object is not iterable 107
exception in collect 'NoneType' object has no attribute 'empty' 165
2021-09-14 20:03:14.174430ROW  NOT SAVED AGAIN  State: ANDAMAN NICOBAR ISLANDS Page no: 1 Url: https://ngodarpan.gov.in/index.php/home/statewise_ngo/155/35/1?per_page=100 Row no: 2
('2021-09-14 20:03:30.684541', 'ROW  EXISTS... State : ANDAMAN NICOBAR ISLANDS Page no: 1 Url: https://ngodarpan.gov.in/index.php/home/statewise_ngo/155/35/1?per_page=100 Row no: 3 Ngo name: AdityaNatyaAcademy Ngo address: 31 M.G. Road,\nOpp. Sun Sea Resort,\nMiddle Point. Ngo Registration date: 05-12-1995 Ngo mobile no: 9476076176 Ngo email id: anaportblair(at)gmail[dot]com')
('2021-09-14 20:03:30.935708', 'ROW  EXISTS... State : ANDAMAN NICOBAR ISLANDS Page no: 1 Url: https://ngodarpan.gov.in/index.php/home/statewise_ngo/155/35/1?per_page=100 Row no: 3 Ngo name: AdityaNatyaAcademy Ngo address: 31 M.G. Road,\nOpp. Sun Sea Resort,\nMiddle Point. Ngo Registration date: 05-12-1995 Ngo mobile no: 9476076176 Ngo email id: anaportblair(at)gmail[dot]com')
('2021-09-14 20:03:46.691883', 'ROW  EXISTS... State : ANDAMAN NICOBAR ISLANDS Page no: 1 Url: https://ngodarpan.gov.in/index.php/home/statewise_ngo/155/35/1?per_page=100 Row no: 4 Ngo name: Anandodhara Ngo address: C/o Baakprotima (SBI Building)\nJunglighat\nPort Blair-744103\nSouth Andaman\nPIN-744103 Ngo Registration date: 04-10-2010 Ngo mobile no: 9434282940 Ngo email id: dipensaha1961(at)gmail[dot]com')
exception in query database df 'NoneType' object is not iterable 107
exception in collect 'NoneType' object has no attribute 'empty' 165
2021-09-14 20:03:46.747831ROW  NOT SAVED AGAIN  State: ANDAMAN NICOBAR ISLANDS Page no: 1 Url: https://ngodarpan.gov.in/index.php/home/statewise_ngo/155/35/1?per_page=100 Row no: 4
('2021-09-14 20:04:02.726022', 'ROW  EXISTS... State : ANDAMAN NICOBAR ISLANDS Page no: 1 Url: https://ngodarpan.gov.in/index.php/home/statewise_ngo/155/35/1?per_page=100 Row no: 5 Ngo name: ANDAMAN And NICOBAR KHO-KHO ASSOCIATION Ngo address: STATE OLYMPIC ASSOCIATION\nNETAJI STADIUM Ngo Registration date: 12-04-2005 Ngo mobile no: 9933232700 Ngo email id: statesportsan(at)rediffmail[dot]com')
('2021-09-14 20:04:03.021217', 'ROW  EXISTS... State : ANDAMAN NICOBAR ISLANDS Page no: 1 Url: https://ngodarpan.gov.in/index.php/home/statewise_ngo/155/35/1?per_page=100 Row no: 5 Ngo name: ANDAMAN And NICOBAR KHO-KHO ASSOCIATION Ngo address: STATE OLYMPIC ASSOCIATION\nNETAJI STADIUM Ngo Registration date: 12-04-2005 Ngo mobile no: 9933232700 Ngo email id: statesportsan(at)rediffmail[dot]com')
('2021-09-14 20:04:18.855949', 'ROW  EXISTS... State : ANDAMAN NICOBAR ISLANDS Page no: 1 Url: https://ngodarpan.gov.in/index.php/home/statewise_ngo/155/35/1?per_page=100 Row no: 6 Ngo name: ANDAMAN And NICOBAR TAEKWONDO ASSOCIATION Ngo address: ANDAMAN NICOBAR STATE OLYMPIC ASSOCIATION\nNETAJI STADIUM Ngo Registration date: 31-08-1999 Ngo mobile no: 9933272629 Ngo email id: presidentandaman(at)gmail[dot]com')
exception in query database df 'NoneType' object is not iterable 107
exception in collect 'NoneType' object has no attribute 'empty' 165
2021-09-14 20:04:18.898131ROW  NOT SAVED AGAIN  State: ANDAMAN NICOBAR ISLANDS Page no: 1 Url: https://ngodarpan.gov.in/index.php/home/statewise_ngo/155/35/1?per_page=100 Row no: 6
exception in collect Message: chrome not reachable
  (Session info: headless chrome=93.0.4577.63)
 147
exception in collect Message: chrome not reachable
  (Session info: headless chrome=93.0.4577.63)
 147
exception in query database df Execution failed on sql: SELECT * FROM ngo_details WHERE url="https://ngodarpan.gov.in/index.php/home/statewise_ngo/155/35/1?per_page=100"
Packet sequence number wrong - got 111 expected 1
unable to rollback 107
exception in collect 'NoneType' object has no attribute 'empty' 186
exception in query database df Execution failed on sql: SELECT * FROM ngo_details WHERE url="https://ngodarpan.gov.in/index.php/home/statewise_ngo/155/35/1?per_page=100"
'utf-8' codec can't decode byte 0xfb in position 6: invalid start byte
unable to rollback 107
exception in collect 'NoneType' object has no attribute 'empty' 186
('2021-09-14 20:09:32.766281', 'DATA EXISTS', 'ANDAMAN NICOBAR ISLANDS')
('2021-09-14 20:09:32.810030', 'DATA EXISTS', 'ANDHRA PRADESH')
('2021-09-14 20:09:32.856868', 'DATA EXISTS', 'ARUNACHAL PRADESH')
('2021-09-14 20:09:32.893828', 'DATA EXISTS', 'ASSAM')
('2021-09-14 20:09:32.930146', 'DATA EXISTS', 'BIHAR')
('2021-09-14 20:09:32.968506', 'DATA EXISTS', 'CHANDIGARH')
('2021-09-14 20:09:33.008939', 'DATA EXISTS', 'CHHATTISGARH')
('2021-09-14 20:09:33.047508', 'DATA EXISTS', 'DADRA NAGAR HAVELI')
('2021-09-14 20:09:33.089258', 'DATA EXISTS', 'DAMAN DIU')
('2021-09-14 20:09:33.141630', 'DATA EXISTS', 'DELHI')
('2021-09-14 20:09:33.180819', 'DATA EXISTS', 'GOA')
('2021-09-14 20:09:33.223501', 'DATA EXISTS', 'GUJARAT')
('2021-09-14 20:09:33.285280', 'DATA EXISTS', 'HARYANA')
('2021-09-14 20:09:33.334379', 'DATA EXISTS', 'HIMACHAL PRADESH')
('2021-09-14 20:09:33.391689', 'DATA EXISTS', 'JAMMU KASHMIR')
('2021-09-14 20:09:33.442450', 'DATA EXISTS', 'JHARKHAND')
('2021-09-14 20:09:33.502563', 'DATA EXISTS', 'KARNATAKA')
('2021-09-14 20:09:33.566469', 'DATA EXISTS', 'KERALA')
('2021-09-14 20:09:33.619164', 'DATA EXISTS', 'LADAKH')
('2021-09-14 20:09:33.678554', 'DATA EXISTS', 'LAKSHADWEEP')
('2021-09-14 20:09:33.738123', 'DATA EXISTS', 'MADHYA PRADESH')
('2021-09-14 20:09:33.789427', 'DATA EXISTS', 'MAHARASHTRA')
('2021-09-14 20:09:33.849296', 'DATA EXISTS', 'MANIPUR')
('2021-09-14 20:09:33.918283', 'DATA EXISTS', 'MEGHALAYA')
('2021-09-14 20:09:33.980866', 'DATA EXISTS', 'MIZORAM')
('2021-09-14 20:09:34.046675', 'DATA EXISTS', 'NAGALAND')
('2021-09-14 20:09:34.110306', 'DATA EXISTS', 'ORISSA')
('2021-09-14 20:09:34.176322', 'DATA EXISTS', 'PUDUCHERRY')
('2021-09-14 20:09:34.237731', 'DATA EXISTS', 'PUNJAB')
('2021-09-14 20:09:34.288508', 'DATA EXISTS', 'RAJASTHAN')
('2021-09-14 20:09:34.349491', 'DATA EXISTS', 'SIKKIM')
('2021-09-14 20:09:34.406662', 'DATA EXISTS', 'TAMIL NADU')
('2021-09-14 20:09:34.454818', 'DATA EXISTS', 'TELANGANA')
('2021-09-14 20:09:34.524387', 'DATA EXISTS', 'TRIPURA')
('2021-09-14 20:09:34.595188', 'DATA EXISTS', 'UTTAR PRADESH')
('2021-09-14 20:09:34.661777', 'DATA EXISTS', 'UTTARAKHAND')
('2021-09-14 20:09:34.708596', 'DATA EXISTS', 'WEST BENGAL')
('2021-09-14 20:09:54.050004', 'ROW  EXISTS... State : ANDAMAN NICOBAR ISLANDS Page no: 1 Url: https://ngodarpan.gov.in/index.php/home/statewise_ngo/155/35/1?per_page=100 Row no: 1 Ngo name: A & N KAYAKING & CANEOING ASSOCIATION Ngo address: C/O STATE OLYMPIC ASSOCIATION\nNETAJI STADIUM\nPORT BLAIR Ngo Registration date: 26-12-2016 Ngo mobile no: 8900946370 Ngo email id: sasipoly744(at)gmail[dot]com')
('2021-09-14 20:10:10.626476', 'ROW  EXISTS... State : ANDAMAN NICOBAR ISLANDS Page no: 1 Url: https://ngodarpan.gov.in/index.php/home/statewise_ngo/155/35/1?per_page=100 Row no: 2 Ngo name: A S MUSIC AND DANCE A CULTURAL ORGANIZATION Ngo address: AS Music And Dance A Cultural Organization,\n8,Air Lane Delanipur Port Blair,\nSouth Andaman.744102 Ngo Registration date: 25-05-2016 Ngo mobile no: 9933273585 Ngo email id: asmusicanddancepb(at)gmail[dot]com')
exception in query database Packet sequence number wrong - got 113 expected 1 77
exception in query database Packet sequence number wrong - got 111 expected 1 77
exception in collect_data tuple indices must be integers or slices, not str 76
exception in collect_data tuple indices must be integers or slices, not str 76
('2021-09-14 20:10:26.566685', 'ROW  EXISTS... State : ANDAMAN NICOBAR ISLANDS Page no: 1 Url: https://ngodarpan.gov.in/index.php/home/statewise_ngo/155/35/1?per_page=100 Row no: 3 Ngo name: AdityaNatyaAcademy Ngo address: 31 M.G. Road,\nOpp. Sun Sea Resort,\nMiddle Point. Ngo Registration date: 05-12-1995 Ngo mobile no: 9476076176 Ngo email id: anaportblair(at)gmail[dot]com')
('2021-09-14 20:10:42.256709', 'ROW  EXISTS... State : ANDAMAN NICOBAR ISLANDS Page no: 1 Url: https://ngodarpan.gov.in/index.php/home/statewise_ngo/155/35/1?per_page=100 Row no: 4 Ngo name: Anandodhara Ngo address: C/o Baakprotima (SBI Building)\nJunglighat\nPort Blair-744103\nSouth Andaman\nPIN-744103 Ngo Registration date: 04-10-2010 Ngo mobile no: 9434282940 Ngo email id: dipensaha1961(at)gmail[dot]com')
('2021-09-14 20:10:58.153772', 'ROW  EXISTS... State : ANDAMAN NICOBAR ISLANDS Page no: 1 Url: https://ngodarpan.gov.in/index.php/home/statewise_ngo/155/35/1?per_page=100 Row no: 5 Ngo name: ANDAMAN And NICOBAR KHO-KHO ASSOCIATION Ngo address: STATE OLYMPIC ASSOCIATION\nNETAJI STADIUM Ngo Registration date: 12-04-2005 Ngo mobile no: 9933232700 Ngo email id: statesportsan(at)rediffmail[dot]com')
('2021-09-14 20:11:14.052137', 'ROW  EXISTS... State : ANDAMAN NICOBAR ISLANDS Page no: 1 Url: https://ngodarpan.gov.in/index.php/home/statewise_ngo/155/35/1?per_page=100 Row no: 6 Ngo name: ANDAMAN And NICOBAR TAEKWONDO ASSOCIATION Ngo address: ANDAMAN NICOBAR STATE OLYMPIC ASSOCIATION\nNETAJI STADIUM Ngo Registration date: 31-08-1999 Ngo mobile no: 9933272629 Ngo email id: presidentandaman(at)gmail[dot]com')
('2021-09-14 20:11:30.274402', 'ROW  EXISTS... State : ANDAMAN NICOBAR ISLANDS Page no: 1 Url: https://ngodarpan.gov.in/index.php/home/statewise_ngo/155/35/1?per_page=100 Row no: 7 Ngo name: ANDAMAN AND NICOBAR CHESS ASSOCIATION Ngo address: ANDAMAN NICOBAR CHESS ASSOCIATION11 KM ROAD, PREM NAGAR NEAR ELECTRICITY SITE OFFICE, PORT BLAIR 744102,\nSOUTH ANDAMAN\nANDAMAN AND NICOBAR ISLANDS Ngo Registration date: 27-06-1989 Ngo mobile no: 9474205416 Ngo email id: anchessassociation(at)gmail[dot]com')
('2021-09-14 20:11:46.191206', 'ROW  EXISTS... State : ANDAMAN NICOBAR ISLANDS Page no: 1 Url: https://ngodarpan.gov.in/index.php/home/statewise_ngo/155/35/1?per_page=100 Row no: 8 Ngo name: ANDAMAN AND NICOBAR FOOTBALL ASSOCIATION Ngo address: C/O SAPNA BALA\nPRESIDENT\nEX-ZILLA PARISHAD MEMBER\n Ngo Registration date: 27-03-2012 Ngo mobile no: 9933266579 Ngo email id: FOOTBALL[dot]ANDAMAN(at)GMAIL.COM')
('2021-09-14 20:12:02.155260', 'ROW  EXISTS... State : ANDAMAN NICOBAR ISLANDS Page no: 1 Url: https://ngodarpan.gov.in/index.php/home/statewise_ngo/155/35/1?per_page=100 Row no: 9 Ngo name: ANDAMAN AND NICOBAR STATE OLYMPIC ASSOCIATION Ngo address: Andaman and Nicobar State Olympic Association, Netaji Stadium, Port Blair,South Andaman, Andamanand Nicobar Islands\nPh: 03192-243001 Ngo Registration date: 21-09-2004 Ngo mobile no: 9531810787 Ngo email id: shiyadva(at)rediffmail[dot]com')
('2021-09-14 20:12:18.131025', 'ROW  EXISTS... State : ANDAMAN NICOBAR ISLANDS Page no: 1 Url: https://ngodarpan.gov.in/index.php/home/statewise_ngo/155/35/1?per_page=100 Row no: 10 Ngo name: ANDAMAN AND NICOBAR STATE TABLE TENNIS ASSOCIATION Ngo address: ANDAMAN AND NICOBAR STATE TABLE TENNIS ASSOCIATION, C/O STATE OLYMPIC ASSOCIATION, NETAJI STADIUM Ngo Registration date: 29-09-2005 Ngo mobile no: 9474210251 Ngo email id: ANSTTA2005(at)GMAIL[dot]COM')
('2021-09-14 20:12:34.316572', 'ROW  EXISTS... State : ANDAMAN NICOBAR ISLANDS Page no: 1 Url: https://ngodarpan.gov.in/index.php/home/statewise_ngo/155/35/1?per_page=100 Row no: 11 Ngo name: Andaman Avians Club Ngo address: Room No.2, Arun Market, Dairy Farm Jn\nVijay Baugh Road\nP.O.Junglighat Ngo Registration date: 30-08-2017 Ngo mobile no: 9933279100 Ngo email id: andamanaviansclub(at)gmail[dot]com')
exception in collect Message: chrome not reachable
  (Session info: headless chrome=93.0.4577.63)
 142
2021-09-14 20:12:48.667765ROW  NOT SAVED AGAIN  State: ANDAMAN NICOBAR ISLANDS Page no: 1 Url: https://ngodarpan.gov.in/index.php/home/statewise_ngo/155/35/1?per_page=100 Row no: 12
('2021-09-14 20:13:04.772474', 'ROW  EXISTS... State : ANDAMAN NICOBAR ISLANDS Page no: 1 Url: https://ngodarpan.gov.in/index.php/home/statewise_ngo/155/35/1?per_page=100 Row no: 13 Ngo name: Andaman Mar Thoma Charitable and Educational Society Ngo address: St. Thomas Marthoma Church Complex, Goalghar, Port Blair Ngo Registration date: 09-07-2018 Ngo mobile no: 9474247132 Ngo email id: darly3906(at)gmail[dot]com')
('2021-09-14 20:13:20.628544', 'ROW  EXISTS... State : ANDAMAN NICOBAR ISLANDS Page no: 1 Url: https://ngodarpan.gov.in/index.php/home/statewise_ngo/155/35/1?per_page=100 Row no: 14 Ngo name: ANDAMAN NADAR URAVINMURAI SANGAM Ngo address: GANDHI ROAD, ABERDEEN BAZAR Ngo Registration date: 18-11-1997 Ngo mobile no: 9474237999 Ngo email id: andamannadarums(at)gmail[dot]com')
('2021-09-14 20:13:36.535708', 'ROW  EXISTS... State : ANDAMAN NICOBAR ISLANDS Page no: 1 Url: https://ngodarpan.gov.in/index.php/home/statewise_ngo/155/35/1?per_page=100 Row no: 15 Ngo name: ANDAMAN NATURE CLUB Ngo address: COLLINPUR (VILL), HERBATABAD (PO), SOUTH ANDAMAN Ngo Registration date: 07-01-1997 Ngo mobile no: 7063913743 Ngo email id: isssinha(at)rediffmail[dot]com')
('2021-09-14 20:13:52.385213', 'ROW  EXISTS... State : ANDAMAN NICOBAR ISLANDS Page no: 1 Url: https://ngodarpan.gov.in/index.php/home/statewise_ngo/155/35/1?per_page=100 Row no: 16 Ngo name: Andaman Sangeet Academy Ngo address: Dairy Farm, Junglighat Ngo Registration date: 24-04-2014 Ngo mobile no: 9679507511 Ngo email id: andamansangeetacademy(at)gmail[dot]com')
('2021-09-14 20:14:08.408076', 'ROW  EXISTS... State : ANDAMAN NICOBAR ISLANDS Page no: 1 Url: https://ngodarpan.gov.in/index.php/home/statewise_ngo/155/35/1?per_page=100 Row no: 17 Ngo name: ANDAMAN SANSKRITI PARISHAD Ngo address: PROTHRAPUR\nPORT BLAIRSOUTH AMDAMAN\n744105 Ngo Registration date: 15-02-2012 Ngo mobile no: 9474215550 Ngo email id: sudhirbiswas69(at)gmail[dot]com')
('2021-09-14 20:14:24.352594', 'ROW  EXISTS... State : ANDAMAN NICOBAR ISLANDS Page no: 1 Url: https://ngodarpan.gov.in/index.php/home/statewise_ngo/155/35/1?per_page=100 Row no: 18 Ngo name: ANDAMAN SUNNI MUSLIM JAMAETH Ngo address: WIMBERLY GUNJ, FERRARGUNJ TEHSIL Ngo Registration date: 05-03-1987 Ngo mobile no: 9531807338 Ngo email id: asmj[dot]andaman(at)gmail.com')
('2021-09-14 20:14:40.297115', 'ROW  EXISTS... State : ANDAMAN NICOBAR ISLANDS Page no: 1 Url: https://ngodarpan.gov.in/index.php/home/statewise_ngo/155/35/1?per_page=100 Row no: 19 Ngo name: ANNAI VELANKANNI PRE-PRIMARY SCHOOL Ngo address: WARD NO 10\nRAJIV NAGARBAMBOOFLAT 2\nSOUTH ANDAMAN744107 Ngo Registration date: 17-04-2017 Ngo mobile no: 9434263742 Ngo email id: rajvetha(at)yahoo[dot]co.in')
('2021-09-14 20:14:56.188454', 'ROW  EXISTS... State : ANDAMAN NICOBAR ISLANDS Page no: 1 Url: https://ngodarpan.gov.in/index.php/home/statewise_ngo/155/35/1?per_page=100 Row no: 20 Ngo name: ARCHERY ASSOCIATION ANDAMAN AND NICOBAR ISLANDS Ngo address: C/O STATE OLYMPIC ASSOCIATION\nNETAJI STADIUM, PORT BLAIR Ngo Registration date: 16-07-2009 Ngo mobile no: 9933286362 Ngo email id: ARCHERYAN2009(at)GMAIL[dot]COM')
('2021-09-14 20:15:11.977816', 'ROW  EXISTS... State : ANDAMAN NICOBAR ISLANDS Page no: 1 Url: https://ngodarpan.gov.in/index.php/home/statewise_ngo/155/35/1?per_page=100 Row no: 21 Ngo name: ARPAN Ngo address: ARPAN\nEnem\nPost Ograbraj Ngo Registration date: 03-10-2008 Ngo mobile no: 9933210768 Ngo email id: arpanpb(at)gmail[dot]com')
('2021-09-14 20:15:27.957224', 'ROW  EXISTS... State : ANDAMAN NICOBAR ISLANDS Page no: 1 Url: https://ngodarpan.gov.in/index.php/home/statewise_ngo/155/35/1?per_page=100 Row no: 22 Ngo name: ARPAN MUSIC ACADEMY Ngo address: Tulsi Bhwan, Near Working Women Hostel\nPolytechnic Road, Dollygunj Ngo Registration date: 07-11-2017 Ngo mobile no: 9933280902 Ngo email id: arpanmusicacademy(at)gmail[dot]com')
('2021-09-14 20:15:43.776376', 'ROW  EXISTS... State : ANDAMAN NICOBAR ISLANDS Page no: 1 Url: https://ngodarpan.gov.in/index.php/home/statewise_ngo/155/35/1?per_page=100 Row no: 23 Ngo name: ARULMIGU NAGAKANNI MUTHUMARI AMMAN TEMPLE Ngo address: WARD NO. 17, DOLLYGUNJ, NEAR SUB-POST OFFICE Ngo Registration date: 14-07-2020 Ngo mobile no: 9734484719 Ngo email id: anmatemple1974(at)gmail[dot]com')
('2021-09-14 20:15:59.666027', 'ROW  EXISTS... State : ANDAMAN NICOBAR ISLANDS Page no: 1 Url: https://ngodarpan.gov.in/index.php/home/statewise_ngo/155/35/1?per_page=100 Row no: 24 Ngo name: ASSOCIATION OF CATHOLIC ANDAMAN AND NICOBAR ISLANDS Ngo address: Deepti Dham, 431, MG Road, PO Junglgihat Ngo Registration date: 06-02-1979 Ngo mobile no: 9476046491 Ngo email id: portblaircathdiocese(at)gmail[dot]com')
('2021-09-14 20:16:15.569575', 'ROW  EXISTS... State : ANDAMAN NICOBAR ISLANDS Page no: 1 Url: https://ngodarpan.gov.in/index.php/home/statewise_ngo/155/35/1?per_page=100 Row no: 25 Ngo name: ATHLETICS ASSOCIATION ANDAMAN And NICOBAR ISLANDS Ngo address: C/O STATE OLYMPIC ASSOCIATION\nNETAJI STADIUM Ngo Registration date: 24-03-2009 Ngo mobile no: 9933234919 Ngo email id: STATESPORTSAN(at)REDIFFMAIL[dot]COM')
('2021-09-14 20:16:31.870542', 'ROW  EXISTS... State : ANDAMAN NICOBAR ISLANDS Page no: 1 Url: https://ngodarpan.gov.in/index.php/home/statewise_ngo/155/35/1?per_page=100 Row no: 26 Ngo name: Atul Smrity Samity Ngo address: BENGALI CLUB\nMIDDLE POINT, PORT BLAIR\nSOUTH ANDAMAN\nANDAMAN AND NICOBAR ISLANDS  Ngo Registration date: 19-10-1960 Ngo mobile no: 9932081580 Ngo email id: atulsmritysamity(at)gmail[dot]com')
('2021-09-14 20:16:47.734528', 'ROW  EXISTS... State : ANDAMAN NICOBAR ISLANDS Page no: 1 Url: https://ngodarpan.gov.in/index.php/home/statewise_ngo/155/35/1?per_page=100 Row no: 27 Ngo name: AVINASH SOCIAL AND CULTURAL SOCIETY Ngo address: C 38 ABERDEEN VILLAGEWARD NO 4 P.BOX NO 110 (HPO)\nABERDEEN\nPORT BLAIR Ngo Registration date: 01-07-1997 Ngo mobile no: 9434264221 Ngo email id: avinash1171(at)gmail[dot]com')
('2021-09-14 20:17:03.532332', 'ROW  EXISTS... State : ANDAMAN NICOBAR ISLANDS Page no: 1 Url: https://ngodarpan.gov.in/index.php/home/statewise_ngo/155/35/1?per_page=100 Row no: 28 Ngo name: B R W MUSIC WING Ngo address: B R W MUSIC WING\nHOTEL SHAH N SHAH BUILDING, 3Rd FLOOR\nMOHANPURA PORT BLAIR,\nSOUTH ANDAMAN.744101 Ngo Registration date: 12-12-2012 Ngo mobile no: 9434295609 Ngo email id: brwmusicwing(at)gmail[dot]com')
exception in collect_data 'int' object is not subscriptable 76
('2021-09-14 20:17:19.567279', 'ROW  EXISTS... State : ANDAMAN NICOBAR ISLANDS Page no: 1 Url: https://ngodarpan.gov.in/index.php/home/statewise_ngo/155/35/1?per_page=100 Row no: 29 Ngo name: BAAULMON Ngo address: SUBHASH NAGAR, SHADIPUR Ngo Registration date: 04-08-2011 Ngo mobile no: 9474212165 Ngo email id: baaulmon26(at)gmail[dot]com')
('2021-09-14 20:17:35.198512', 'ROW  EXISTS... State : ANDAMAN NICOBAR ISLANDS Page no: 1 Url: https://ngodarpan.gov.in/index.php/home/statewise_ngo/155/35/1?per_page=100 Row no: 30 Ngo name: BADMINTON ASSOCIATION OF ANDAMAN And NICOBAR ISLANDS Ngo address: AKR Palace, Atlanta Point Road, Near AIDS Head Office Atlanta Point, Port Blair 744101\n Ngo Registration date: 02-04-2018 Ngo mobile no: 9434293379 Ngo email id: bneel1980(at)gmail[dot]com')
('2021-09-14 20:17:50.789847', 'ROW  EXISTS... State : ANDAMAN NICOBAR ISLANDS Page no: 1 Url: https://ngodarpan.gov.in/index.php/home/statewise_ngo/155/35/1?per_page=100 Row no: 31 Ngo name: Balkrishna Nritya Academy Ngo address: Naya Gaon Dudh Line\nPort Blair\nSouth Andaman -744106 Ngo Registration date: 25-11-2011 Ngo mobile no: 9933276028 Ngo email id: bnrityaacademy(at)gmail[dot]com')
('2021-09-14 20:18:06.592163', 'ROW  EXISTS... State : ANDAMAN NICOBAR ISLANDS Page no: 1 Url: https://ngodarpan.gov.in/index.php/home/statewise_ngo/155/35/1?per_page=100 Row no: 32 Ngo name: BANGLA SANSKRITI PARISHAD Ngo address: PROTHRAPUR\nPORT BLAIR\nANDAMAN AND NICOBAR ISLANDS\nPIN- 744103 Ngo Registration date: 25-07-2011 Ngo mobile no: 9434276001 Ngo email id: saraswatibiswas1969(at)gmail[dot]com')
('2021-09-14 20:20:11.559600', 'ROW  EXISTS... State : ANDAMAN NICOBAR ISLANDS Page no: 1 Url: https://ngodarpan.gov.in/index.php/home/statewise_ngo/155/35/1?per_page=100 Row no: 33 Ngo name: BENGALI HINDU EDUCATION SOCIETY Ngo address: Sharma HouseShadipur Post Office Building\nPO Shadipur\nPort Blair744103 Ngo Registration date: 06-11-2018 Ngo mobile no: 7063927338 Ngo email id: jbiswas1959(at)gmail[dot]com')
('2021-09-14 20:20:27.261306', 'ROW  EXISTS... State : ANDAMAN NICOBAR ISLANDS Page no: 1 Url: https://ngodarpan.gov.in/index.php/home/statewise_ngo/155/35/1?per_page=100 Row no: 34 Ngo name: Berachah love Home Ngo address: Prothrapur Village,\nBrichgunj ( P.O.),\nPort Blair,\nSouth Andaman Islands\nPIN-744105 Ngo Registration date: 16-11-2015 Ngo mobile no: 9933284243 Ngo email id: joseandaman(at)gmail[dot]com')
('2021-09-14 20:20:43.190594', 'ROW  EXISTS... State : ANDAMAN NICOBAR ISLANDS Page no: 1 Url: https://ngodarpan.gov.in/index.php/home/statewise_ngo/155/35/1?per_page=100 Row no: 35 Ngo name: BETHANY CHILDRENS HOME Ngo address: CIARI Road,\nBhathu Basthi,\nGaracharma (P.O.),\nPort Blair\nSouth Andaman\nPort Blair\nPIN 744103 Ngo Registration date: 06-01-2012 Ngo mobile no: 9531922563 Ngo email id: bethanychildrenshome664(at)gmail[dot]com')
('2021-09-14 20:20:59.174325', 'ROW  EXISTS... State : ANDAMAN NICOBAR ISLANDS Page no: 1 Url: https://ngodarpan.gov.in/index.php/home/statewise_ngo/155/35/1?per_page=100 Row no: 36 Ngo name: BHARAT SEVASRAM SANGHA Ngo address: BHARAT SEVASRAM SANGHA\nJUNGLIGHAT,\nPORT BLAIR Ngo Registration date: 27-07-2014 Ngo mobile no: 9007554267 Ngo email id: bss[dot]andaman(at)gmail.com')
('2021-09-14 20:21:15.200013', 'ROW  EXISTS... State : ANDAMAN NICOBAR ISLANDS Page no: 1 Url: https://ngodarpan.gov.in/index.php/home/statewise_ngo/155/35/1?per_page=100 Row no: 37 Ngo name: Biswas Organization for Social Service Ngo address: SANTANU\nKADAMTALA\nMIDDLE ANDAMAN\nNORTH AND MIDDLE ANDAMAN Ngo Registration date: 26-05-2017 Ngo mobile no: 9474231678 Ngo email id: bossandaman(at)gmail[dot]com')
('2021-09-14 20:21:31.114121', 'ROW  EXISTS... State : ANDAMAN NICOBAR ISLANDS Page no: 1 Url: https://ngodarpan.gov.in/index.php/home/statewise_ngo/155/35/1?per_page=100 Row no: 38 Ngo name: Calvary Childrens Home Ngo address: Badmashpahar,\nPort Mout,\nChouldhari (P.O.),\nSouth Andaman\nPort Blair\nPIN 744103 Ngo Registration date: 18-02-2014 Ngo mobile no: 9474260190 Ngo email id: calvarychildrenshome664(at)gmail[dot]com')
('2021-09-14 20:21:46.788818', 'ROW  EXISTS... State : ANDAMAN NICOBAR ISLANDS Page no: 1 Url: https://ngodarpan.gov.in/index.php/home/statewise_ngo/155/35/1?per_page=100 Row no: 39 Ngo name: CAPSTONE MINISTRIES Ngo address: H. NO. 1665, WARD NO 23\nBIRD LINE Ngo Registration date: 15-12-2008 Ngo mobile no: 9933233655 Ngo email id: capstonefamily777(at)gmail[dot]com')
('2021-09-14 20:22:02.747290', 'ROW  EXISTS... State : ANDAMAN NICOBAR ISLANDS Page no: 1 Url: https://ngodarpan.gov.in/index.php/home/statewise_ngo/155/35/1?per_page=100 Row no: 40 Ngo name: CAREY MEMORIAL SCHOOL Ngo address: Ward No.2, No. 2 Vanvikas Street, Haddo, Port Blair, South Andaman-744102 Ngo Registration date: 27-09-1975 Ngo mobile no: 9663858654 Ngo email id: careymemorial1962(at)gmail[dot]com')
('2021-09-14 20:22:19.025100', 'ROW  EXISTS... State : ANDAMAN NICOBAR ISLANDS Page no: 1 Url: https://ngodarpan.gov.in/index.php/home/statewise_ngo/155/35/1?per_page=100 Row no: 41 Ngo name: CARMEL ASHRAM Ngo address: PHONIX BAY Ngo Registration date: 30-04-1973 Ngo mobile no: 7063958484 Ngo email id: portblaircarmel(at)gmail[dot]com')
('2021-09-14 20:22:34.705764', 'ROW  EXISTS... State : ANDAMAN NICOBAR ISLANDS Page no: 1 Url: https://ngodarpan.gov.in/index.php/home/statewise_ngo/155/35/1?per_page=100 Row no: 42 Ngo name: CHETNA SANSTHA Ngo address: 3, Police Mosque Shopping Complex, Supply Lane, Port Blair Ngo Registration date: 07-12-1999 Ngo mobile no: 9734480814 Ngo email id: deepdvs56(at)gmail[dot]com')
('2021-09-14 20:22:50.735079', 'ROW  EXISTS... State : ANDAMAN NICOBAR ISLANDS Page no: 1 Url: https://ngodarpan.gov.in/index.php/home/statewise_ngo/155/35/1?per_page=100 Row no: 43 Ngo name: COAST GUARD EDUCATION SOCIETY Ngo address: Coast Guard Kindergarten, Panipat Road, Haddo, Port Blair-744 102 Ngo Registration date: 24-01-2018 Ngo mobile no: 8900930842 Ngo email id: pcrana1733(at)gmail[dot]com')
('2021-09-14 20:23:06.734070', 'ROW  EXISTS... State : ANDAMAN NICOBAR ISLANDS Page no: 1 Url: https://ngodarpan.gov.in/index.php/home/statewise_ngo/155/35/1?per_page=100 Row no: 44 Ngo name: Colours Foundation Ngo address: Near Garacharma School, Bharat Nagar, Garacharma, Port Blair, South Andaman Ngo Registration date: 28-04-2017 Ngo mobile no: 9679598898 Ngo email id: coloursfoundationpb(at)gmail[dot]com')
('2021-09-14 20:23:22.483784', 'ROW  EXISTS... State : ANDAMAN NICOBAR ISLANDS Page no: 1 Url: https://ngodarpan.gov.in/index.php/home/statewise_ngo/155/35/1?per_page=100 Row no: 45 Ngo name: CRICKET ASSOCIATION ANDAMAN AND NICOBAR ISLANDS Ngo address: 1 BJP BHAWAN, MIDDLE POINT, PORT BLAIR Ngo Registration date: 09-07-2009 Ngo mobile no: 9434276311 Ngo email id: nalagathrehman(at)gmail[dot]com')
('2021-09-14 20:23:38.458674', 'ROW  EXISTS... State : ANDAMAN NICOBAR ISLANDS Page no: 1 Url: https://ngodarpan.gov.in/index.php/home/statewise_ngo/155/35/1?per_page=100 Row no: 46 Ngo name: CYCLING ASSOCIATION ANDAMAN NICOBAR Ngo address: ANDAMAN AND NICOBAR STATE OLYMPIC ASSOCIATION\nNETAJI STADIUM Ngo Registration date: 02-02-2009 Ngo mobile no: 9775030831 Ngo email id: cyclingandaman(at)gmail[dot]com')
('2021-09-14 20:23:53.736504', 'DATA EXISTS', 'ANDAMAN NICOBAR ISLANDS')
('2021-09-14 20:23:53.775341', 'DATA EXISTS', 'ANDHRA PRADESH')
('2021-09-14 20:23:53.813181', 'DATA EXISTS', 'ARUNACHAL PRADESH')
('2021-09-14 20:23:53.851877', 'DATA EXISTS', 'ASSAM')
('2021-09-14 20:23:53.890080', 'DATA EXISTS', 'BIHAR')
('2021-09-14 20:23:53.926061', 'DATA EXISTS', 'CHANDIGARH')
('2021-09-14 20:23:53.961285', 'DATA EXISTS', 'CHHATTISGARH')
('2021-09-14 20:23:53.999890', 'DATA EXISTS', 'DADRA NAGAR HAVELI')
('2021-09-14 20:23:54.045464', 'DATA EXISTS', 'DAMAN DIU')
('2021-09-14 20:23:54.083900', 'DATA EXISTS', 'DELHI')
('2021-09-14 20:23:54.123224', 'DATA EXISTS', 'GOA')
('2021-09-14 20:23:54.160092', 'DATA EXISTS', 'GUJARAT')
('2021-09-14 20:23:54.201150', 'DATA EXISTS', 'HARYANA')
('2021-09-14 20:23:54.267893', 'DATA EXISTS', 'HIMACHAL PRADESH')
('2021-09-14 20:23:54.328415', 'DATA EXISTS', 'JAMMU KASHMIR')
('2021-09-14 20:23:54.374085', 'DATA EXISTS', 'JHARKHAND')
('2021-09-14 20:23:54.436684', 'DATA EXISTS', 'KARNATAKA')
('2021-09-14 20:23:54.493767', 'DATA EXISTS', 'KERALA')
('2021-09-14 20:23:54.641075', 'DATA EXISTS', 'LADAKH')
('2021-09-14 20:23:54.703480', 'DATA EXISTS', 'LAKSHADWEEP')
('2021-09-14 20:23:54.756829', 'DATA EXISTS', 'MADHYA PRADESH')
('2021-09-14 20:23:54.808079', 'DATA EXISTS', 'MAHARASHTRA')
('2021-09-14 20:23:54.860102', 'DATA EXISTS', 'MANIPUR')
('2021-09-14 20:23:54.912535', 'DATA EXISTS', 'MEGHALAYA')
('2021-09-14 20:23:54.957551', 'DATA EXISTS', 'MIZORAM')
('2021-09-14 20:23:55.001737', 'DATA EXISTS', 'NAGALAND')
('2021-09-14 20:23:55.046817', 'DATA EXISTS', 'ORISSA')
('2021-09-14 20:23:55.095649', 'DATA EXISTS', 'PUDUCHERRY')
('2021-09-14 20:23:55.142921', 'DATA EXISTS', 'PUNJAB')
('2021-09-14 20:23:55.149826', 'ROW  EXISTS... State : ANDAMAN NICOBAR ISLANDS Page no: 1 Url: https://ngodarpan.gov.in/index.php/home/statewise_ngo/155/35/1?per_page=100 Row no: 47 Ngo name: DANCE NRITYA ACADEMY Ngo address: HOUSE NO 25, DEEN STREET, VILL JUNGLIGHAT, PO JUNGLIGHAT, PS ABERDEEN, PORT BLAIR, SOUTH ANDAMAN, ANDAMAN-744101 Ngo Registration date: 05-06-2012 Ngo mobile no: 9933222120 Ngo email id: vijayjoden(at)gmail[dot]com')
('2021-09-14 20:23:55.184123', 'DATA EXISTS', 'RAJASTHAN')
('2021-09-14 20:23:55.224732', 'DATA EXISTS', 'SIKKIM')
('2021-09-14 20:23:55.265344', 'DATA EXISTS', 'TAMIL NADU')
('2021-09-14 20:23:55.322573', 'DATA EXISTS', 'TELANGANA')
('2021-09-14 20:23:55.365090', 'DATA EXISTS', 'TRIPURA')
('2021-09-14 20:23:55.431133', 'DATA EXISTS', 'UTTAR PRADESH')
('2021-09-14 20:23:55.483447', 'DATA EXISTS', 'UTTARAKHAND')
('2021-09-14 20:23:55.535936', 'DATA EXISTS', 'WEST BENGAL')
exception in collect_data '0' 71
('2021-09-14 20:24:11.097427', 'ROW  EXISTS... State : ANDAMAN NICOBAR ISLANDS Page no: 1 Url: https://ngodarpan.gov.in/index.php/home/statewise_ngo/155/35/1?per_page=100 Row no: 48 Ngo name: DAYITAVABODH SOCIETY NGO Ngo address: OPP. NEW CIRCUIT HOUSE, HADDO Ngo Registration date: 21-09-2017 Ngo mobile no: 9474201147 Ngo email id: sampaban3(at)gmail[dot]com')
('2021-09-14 20:24:27.082673', 'ROW  EXISTS... State : ANDAMAN NICOBAR ISLANDS Page no: 1 Url: https://ngodarpan.gov.in/index.php/home/statewise_ngo/155/35/1?per_page=100 Row no: 49 Ngo name: DREAM WORLD ENTERTAINERS Ngo address:  DREAM WORLD ENTERTAINERS,\nGURUDWARA LINE, WORD NO.5,\nPORT BLAIR. Ngo Registration date: 03-08-2011 Ngo mobile no: 9474234894 Ngo email id: dreamworldmusic786(at)gmail[dot]com')
('2021-09-14 20:24:43.001813', 'ROW  EXISTS... State : ANDAMAN NICOBAR ISLANDS Page no: 1 Url: https://ngodarpan.gov.in/index.php/home/statewise_ngo/155/35/1?per_page=100 Row no: 50 Ngo name: DWEEP POUNJ SHIKSHA VIKAS SAMITHI Ngo address: GARACHARMA-II, PORT BLAIR, SOUTH ANDAMAN\nPIN: 744105 Ngo Registration date: 11-10-2002 Ngo mobile no: 9679568390 Ngo email id: dpsvsgaracharma(at)gmail[dot]com')
('2021-09-14 20:24:58.700032', 'ROW  EXISTS... State : ANDAMAN NICOBAR ISLANDS Page no: 1 Url: https://ngodarpan.gov.in/index.php/home/statewise_ngo/155/35/1?per_page=100 Row no: 51 Ngo name: Education Relief And Welfare Section of Anandamarga Pracaraka Samgha of A  Ngo address: Junglighat, Portblair 744103 Ngo Registration date: 08-04-2011 Ngo mobile no: 9163506534 Ngo email id: shubhadiipananda(at)gmail[dot]com')
('2021-09-14 20:25:14.565331', 'ROW  EXISTS... State : ANDAMAN NICOBAR ISLANDS Page no: 1 Url: https://ngodarpan.gov.in/index.php/home/statewise_ngo/155/35/1?per_page=100 Row no: 52 Ngo name: EDUCATIONAL And CULTURAL ORGANIZATION Ngo address: VILL RABINDRA NAGAR, POST VIVEKANANDA PUR, LITTLE ANDAMAN Ngo Registration date: 29-12-2014 Ngo mobile no: 9933241368 Ngo email id: ssaha2499(at)gmail[dot]com')
('2021-09-14 20:25:30.474823', 'ROW  EXISTS... State : ANDAMAN NICOBAR ISLANDS Page no: 1 Url: https://ngodarpan.gov.in/index.php/home/statewise_ngo/155/35/1?per_page=100 Row no: 53 Ngo name: EMARALD GREEN ISLANDS Ngo address: VIVEKANANDA COLONY, PROTHRAPUR, SOUTH ANDAMAN Ngo Registration date: 15-02-2012 Ngo mobile no: 9434294166 Ngo email id: mrinalchalder1989(at)gmail[dot]com')
('2021-09-14 20:25:46.842752', 'ROW  EXISTS... State : ANDAMAN NICOBAR ISLANDS Page no: 1 Url: https://ngodarpan.gov.in/index.php/home/statewise_ngo/155/35/1?per_page=100 Row no: 54 Ngo name: FRIENDS CULTURAL GROUP Ngo address: Royal Colony\nBehind Sahara Hotel,\nPhargoan,\nP.O. Dollygunj,\nPort Blair Ngo Registration date: 23-09-2011 Ngo mobile no: 9474271271 Ngo email id: mailtofcg(at)gmail[dot]com')
('2021-09-14 20:26:03.522800', 'ROW  EXISTS... State : ANDAMAN NICOBAR ISLANDS Page no: 1 Url: https://ngodarpan.gov.in/index.php/home/statewise_ngo/155/35/1?per_page=100 Row no: 55 Ngo name: GOLDEN BIRD NGO Ngo address: South Point, Shadipur Post, Port Blair, Andaman -744106 Ngo Registration date: 28-11-2017 Ngo mobile no: 9933252549 Ngo email id: goldenbird9port(at)gmail[dot]com')
('2021-09-14 20:26:19.677449', 'ROW  EXISTS... State : ANDAMAN NICOBAR ISLANDS Page no: 1 Url: https://ngodarpan.gov.in/index.php/home/statewise_ngo/155/35/1?per_page=100 Row no: 56 Ngo name: GREEN ISLAND FOUNDATION Ngo address: HARINAGAR,BILLIROUND,NORTH  Ngo Registration date: 05-06-2015 Ngo mobile no: 9474205346 Ngo email id: scmazumder578(at)gmail[dot]com')
('2021-09-14 20:26:35.844100', 'ROW  EXISTS... State : ANDAMAN NICOBAR ISLANDS Page no: 1 Url: https://ngodarpan.gov.in/index.php/home/statewise_ngo/155/35/1?per_page=100 Row no: 57 Ngo name: GREENHANDS Ngo address: GREEN HANDS POST BOX NO 167\nH.P.O.,MUNCIPAL COMPLEX ,\nOPP LPG,DELANIPUR\nPORTBLAIR Ngo Registration date: 28-03-2012 Ngo mobile no: 9443314047 Ngo email id: greenhandsportblair(at)gmail[dot]com')
('2021-09-14 20:26:51.595532', 'ROW  EXISTS... State : ANDAMAN NICOBAR ISLANDS Page no: 1 Url: https://ngodarpan.gov.in/index.php/home/statewise_ngo/155/35/1?per_page=100 Row no: 58 Ngo name: HAND BALL ASSOCIATION OF ANDAMAN NICOBAR Ngo address: STATE OLYMPIC ASSOCIATION\nNETAJI STADIUM Ngo Registration date: 10-02-2009 Ngo mobile no: 9679500691 Ngo email id: dsa[dot]portblair(at)rediffmail.com')
('2021-09-14 20:27:07.912339', 'ROW  EXISTS... State : ANDAMAN NICOBAR ISLANDS Page no: 1 Url: https://ngodarpan.gov.in/index.php/home/statewise_ngo/155/35/1?per_page=100 Row no: 59 Ngo name: HARI CHAND MATUA SEVA SANGHA Ngo address: NEIL KENDRASHAHEED DWEEP\n744104 Ngo Registration date: 09-12-1981 Ngo mobile no: 9434281853 Ngo email id: sarkarbinoykrishna(at)gmail[dot]com')
('2021-09-14 20:27:23.904302', 'ROW  EXISTS... State : ANDAMAN NICOBAR ISLANDS Page no: 1 Url: https://ngodarpan.gov.in/index.php/home/statewise_ngo/155/35/1?per_page=100 Row no: 60 Ngo name: HOCKEY ANDAMAN And NICOBAR Ngo address: STATE OLYMPIC OFFICE\nNETAJI STADIUM, PORT BLAIR Ngo Registration date: 09-03-2005 Ngo mobile no: 9531808874 Ngo email id: hockeyandaman(at)hockeyindia[dot]org')
('2021-09-14 20:27:39.584006', 'ROW  EXISTS... State : ANDAMAN NICOBAR ISLANDS Page no: 1 Url: https://ngodarpan.gov.in/index.php/home/statewise_ngo/155/35/1?per_page=100 Row no: 61 Ngo name: HTPWACC Ngo address: Chinmaya Mission, Police Line, Port Blair Ngo Registration date: 11-04-2017 Ngo mobile no: 9933278289 Ngo email id: dasbapi17(at)gmail[dot]com')
('2021-09-14 20:27:55.339401', 'ROW  EXISTS... State : ANDAMAN NICOBAR ISLANDS Page no: 1 Url: https://ngodarpan.gov.in/index.php/home/statewise_ngo/155/35/1?per_page=100 Row no: 62 Ngo name: HUMAN CARE FOUNDATION Ngo address: H/NO- 260/2,LAMBA LINE ,PORT BLAIR Ngo Registration date: 30-01-2017 Ngo mobile no: 9531927669 Ngo email id: ashiskumarindian(at)gmail[dot]com')
('2021-09-14 20:28:11.249750', 'ROW  EXISTS... State : ANDAMAN NICOBAR ISLANDS Page no: 1 Url: https://ngodarpan.gov.in/index.php/home/statewise_ngo/155/35/1?per_page=100 Row no: 63 Ngo name: HUMAN WELFARE ORANISATION Ngo address: Ward No. 2\nP.O No. 699\nHaddo Ngo Registration date: 04-04-2001 Ngo mobile no: 7063992019 Ngo email id: humanwefareand(at)gmail[dot]com')
('2021-09-14 20:28:27.210308', 'ROW  EXISTS... State : ANDAMAN NICOBAR ISLANDS Page no: 1 Url: https://ngodarpan.gov.in/index.php/home/statewise_ngo/155/35/1?per_page=100 Row no: 64 Ngo name: HUMANE TOUCH Ngo address: Wimberly Gunj,\nSouth Andaman744206 Ngo Registration date: 27-11-2009 Ngo mobile no: 9434288006 Ngo email id: humanetouch[dot]and(at)gmail.com')
exception in query database df Execution failed on sql: SELECT * FROM states
(2013, 'Lost connection to MySQL server during query ([Errno 110] Connection timed out)')
unable to rollback 107
